tensorflow-benchmarks-efa-worker-0:14:595 [0] NCCL INFO NET/OFI [0] getCudaPath dev 2 busId 0000:00:18.0 path /sys/devices/pci0000:00
tensorflow-benchmarks-efa-worker-0:14:595 [0] NCCL INFO NET/OFI [0] getCudaPath dev 3 busId 0000:00:19.0 path /sys/devices/pci0000:00
tensorflow-benchmarks-efa-worker-0:19:581 [5] NCCL INFO NET/OFI [5] getCudaPath dev 0 busId 0000:00:16.0 path /sys/devices/pci0000:00
tensorflow-benchmarks-efa-worker-0:19:581 [5] NCCL INFO NET/OFI [5] getCudaPath dev 1 busId 0000:00:17.0 path /sys/devices/pci0000:00
tensorflow-benchmarks-efa-worker-0:19:581 [5] NCCL INFO NET/OFI [5] getCudaPath dev 2 busId 0000:00:18.0 path /sys/devices/pci0000:00/
tensorflow-benchmarks-efa-worker-0:19:581 [5] NCCL INFO NET/OFI [5] getCudaPath dev 3 busId 0000:00:19.0 path /sys/devices/pci0000:00
tensorflow-benchmarks-efa-worker-0:20:585 [6] NCCL INFO NET/OFI [6] getCudaPath dev 0 busId 0000:00:16.0 path /sys/devices/pci0000:00
tensorflow-benchmarks-efa-worker-0:20:585 [6] NCCL INFO NET/OFI [6] getCudaPath dev 1 busId 0000:00:17.0 path /sys/devices/pci0000:00
tensorflow-benchmarks-efa-worker-0:20:585 [6] NCCL INFO NET/OFI [6] getCudaPath dev 2 busId 0000:00:18.0 path /sys/devices/pci0000:00
tensorflow-benchmarks-efa-worker-0:20:585 [6] NCCL INFO NET/OFI [6] getCudaPath dev 3 busId 0000:00:19.0 path /sys/devices/pci0000:00/
tensorflow-benchmarks-efa-worker-0:21:574 [7] NCCL INFO NET/OFI [7] getCudaPath dev 0 busId 0000:00:16.0 path /sys/devices/pci0000:00
tensorflow-benchmarks-efa-worker-0:21:574 [7] NCCL INFO NET/OFI [7] getCudaPath dev 1 busId 0000:00:17.0 path /sys/devices/pci0000:00
tensorflow-benchmarks-efa-worker-0:21:574 [7] NCCL INFO NET/OFI [7] getCudaPath dev 2 busId 0000:00:18.0 path /sys/devices/pci0000:00
tensorflow-benchmarks-efa-worker-0:21:574 [7] NCCL INFO NET/OFI [7] getCudaPath dev 3 busId 0000:00:19.0 path /sys/devices/pci0000:00/
tensorflow-benchmarks-efa-worker-1:14:575 [0] NCCL INFO NET/OFI [0] getCudaPath dev 0 busId 0000:00:16.0 path /sys/devices/pci0000:00/
tensorflow-benchmarks-efa-worker-1:14:575 [0] NCCL INFO NET/OFI [0] getCudaPath dev 1 busId 0000:00:17.0 path /sys/devices/pci0000:00
tensorflow-benchmarks-efa-worker-1:14:575 [0] NCCL INFO NET/OFI [0] getCudaPath dev 2 busId 0000:00:18.0 path /sys/devices/pci0000:00
tensorflow-benchmarks-efa-worker-1:16:581 [2] NCCL INFO NET/OFI [2] getCudaPath dev 0 busId 0000:00:16.0 path /sys/devices/pci0000:00
tensorflow-benchmarks-efa-worker-1:16:581 [2] NCCL INFO NET/OFI [2] getCudaPath dev 1 busId 0000:00:17.0 path /sys/devices/pci0000:00/
tensorflow-benchmarks-efa-worker-1:16:581 [2] NCCL INFO NET/OFI [2] getCudaPath dev 2 busId 0000:00:18.0 path /sys/devices/pci0000:00
tensorflow-benchmarks-efa-worker-1:15:574 [1] NCCL INFO NET/OFI [1] getCudaPath dev 0 busId 0000:00:16.0 path /sys/devices/pci0000:00/
tensorflow-benchmarks-efa-worker-1:15:574 [1] NCCL INFO NET/OFI [1] getCudaPath dev 1 busId 0000:00:17.0 path /sys/devices/pci0000:00
tensorflow-benchmarks-efa-worker-1:15:574 [1] NCCL INFO NET/OFI [1] getCudaPath dev 2 busId 0000:00:18.0 path /sys/devices/pci0000:00
tensorflow-benchmarks-efa-worker-1:15:574 [1] NCCL INFO NET/OFI [1] getCudaPath dev 3 busId 0000:00:19.0 path /sys/devices/pci0000:00
tensorflow-benchmarks-efa-worker-1:18:580 [4] NCCL INFO NET/OFI [4] getCudaPath dev 0 busId 0000:00:16.0 path /sys/devices/pci0000:00
tensorflow-benchmarks-efa-worker-1:18:580 [4] NCCL INFO NET/OFI [4] getCudaPath dev 1 busId 0000:00:17.0 path /sys/devices/pci0000:00
tensorflow-benchmarks-efa-worker-1:17:592 [3] NCCL INFO NET/OFI [3] getCudaPath dev 0 busId 0000:00:16.0 path /sys/devices/pci0000:00
tensorflow-benchmarks-efa-worker-1:17:592 [3] NCCL INFO NET/OFI [3] getCudaPath dev 1 busId 0000:00:17.0 path /sys/devices/pci0000:00/
tensorflow-benchmarks-efa-worker-1:17:592 [3] NCCL INFO NET/OFI [3] getCudaPath dev 2 busId 0000:00:18.0 path /sys/devices/pci0000:00
tensorflow-benchmarks-efa-worker-1:17:592 [3] NCCL INFO NET/OFI [3] getCudaPath dev 3 busId 0000:00:19.0 path /sys/devices/pci0000:00
tensorflow-benchmarks-efa-worker-1:14:575 [0] NCCL INFO NET/OFI [0] getCudaPath dev 3 busId 0000:00:19.0 path /sys/devices/pci0000:00
tensorflow-benchmarks-efa-worker-1:16:581 [2] NCCL INFO NET/OFI [2] getCudaPath dev 3 busId 0000:00:19.0 path /sys/devices/pci0000:00
tensorflow-benchmarks-efa-worker-1:18:580 [4] NCCL INFO NET/OFI [4] getCudaPath dev 2 busId 0000:00:18.0 path /sys/devices/pci0000:00/
tensorflow-benchmarks-efa-worker-1:19:587 [5] NCCL INFO NET/OFI [5] getCudaPath dev 0 busId 0000:00:16.0 path /sys/devices/pci0000:00
tensorflow-benchmarks-efa-worker-1:18:580 [4] NCCL INFO NET/OFI [4] getCudaPath dev 3 busId 0000:00:19.0 path /sys/devices/pci0000:00
tensorflow-benchmarks-efa-worker-1:19:587 [5] NCCL INFO NET/OFI [5] getCudaPath dev 1 busId 0000:00:17.0 path /sys/devices/pci0000:00
tensorflow-benchmarks-efa-worker-1:19:587 [5] NCCL INFO NET/OFI [5] getCudaPath dev 2 busId 0000:00:18.0 path /sys/devices/pci0000:00/
tensorflow-benchmarks-efa-worker-1:20:586 [6] NCCL INFO NET/OFI [6] getCudaPath dev 0 busId 0000:00:16.0 path /sys/devices/pci0000:00
tensorflow-benchmarks-efa-worker-1:19:587 [5] NCCL INFO NET/OFI [5] getCudaPath dev 3 busId 0000:00:19.0 path /sys/devices/pci0000:00
tensorflow-benchmarks-efa-worker-1:20:586 [6] NCCL INFO NET/OFI [6] getCudaPath dev 1 busId 0000:00:17.0 path /sys/devices/pci0000:00
tensorflow-benchmarks-efa-worker-1:21:593 [7] NCCL INFO NET/OFI [7] getCudaPath dev 0 busId 0000:00:16.0 path /sys/devices/pci0000:00
tensorflow-benchmarks-efa-worker-1:21:593 [7] NCCL INFO NET/OFI [7] getCudaPath dev 1 busId 0000:00:17.0 path /sys/devices/pci0000:00
tensorflow-benchmarks-efa-worker-1:20:586 [6] NCCL INFO NET/OFI [6] getCudaPath dev 2 busId 0000:00:18.0 path /sys/devices/pci0000:00
tensorflow-benchmarks-efa-worker-1:21:593 [7] NCCL INFO NET/OFI [7] getCudaPath dev 2 busId 0000:00:18.0 path /sys/devices/pci0000:00
tensorflow-benchmarks-efa-worker-1:21:593 [7] NCCL INFO NET/OFI [7] getCudaPath dev 3 busId 0000:00:19.0 path /sys/devices/pci0000:00/
tensorflow-benchmarks-efa-worker-1:20:586 [6] NCCL INFO NET/OFI [6] getCudaPath dev 3 busId 0000:00:19.0 path /sys/devices/pci0000:00/
tensorflow-benchmarks-efa-worker-1:21:593 [7] NCCL INFO NET/OFI [7] getCudaPath dev 0 busId 0000:00:16.0 path /sys/devices/pci0000:00
tensorflow-benchmarks-efa-worker-1:21:593 [7] NCCL INFO NET/OFI [7] getCudaPath dev 1 busId 0000:00:17.0 path /sys/devices/pci0000:00
tensorflow-benchmarks-efa-worker-1:21:593 [7] NCCL INFO NET/OFI [7] getCudaPath dev 2 busId 0000:00:18.0 path /sys/devices/pci0000:00
tensorflow-benchmarks-efa-worker-1:21:593 [7] NCCL INFO NET/OFI [7] getCudaPath dev 3 busId 0000:00:19.0 path /sys/devices/pci0000:00/
tensorflow-benchmarks-efa-worker-1:20:586 [6] NCCL INFO NET/OFI [6] getCudaPath dev 0 busId 0000:00:16.0 path /sys/devices/pci0000:00
tensorflow-benchmarks-efa-worker-1:20:586 [6] NCCL INFO NET/OFI [6] getCudaPath dev 1 busId 0000:00:17.0 path /sys/devices/pci0000:00
tensorflow-benchmarks-efa-worker-1:20:586 [6] NCCL INFO NET/OFI [6] getCudaPath dev 2 busId 0000:00:18.0 path /sys/devices/pci0000:00
tensorflow-benchmarks-efa-worker-1:20:586 [6] NCCL INFO NET/OFI [6] getCudaPath dev 3 busId 0000:00:19.0 path /sys/devices/pci0000:00/
tensorflow-benchmarks-efa-worker-1:15:574 [1] NCCL INFO NET/OFI [1] getCudaPath dev 0 busId 0000:00:16.0 path /sys/devices/pci0000:00/
tensorflow-benchmarks-efa-worker-1:15:574 [1] NCCL INFO NET/OFI [1] getCudaPath dev 1 busId 0000:00:17.0 path /sys/devices/pci0000:00
tensorflow-benchmarks-efa-worker-1:15:574 [1] NCCL INFO NET/OFI [1] getCudaPath dev 2 busId 0000:00:18.0 path /sys/devices/pci0000:00
tensorflow-benchmarks-efa-worker-1:15:574 [1] NCCL INFO NET/OFI [1] getCudaPath dev 3 busId 0000:00:19.0 path /sys/devices/pci0000:00
tensorflow-benchmarks-efa-worker-1:17:592 [3] NCCL INFO NET/OFI [3] getCudaPath dev 0 busId 0000:00:16.0 path /sys/devices/pci0000:00
tensorflow-benchmarks-efa-worker-1:17:592 [3] NCCL INFO NET/OFI [3] getCudaPath dev 1 busId 0000:00:17.0 path /sys/devices/pci0000:00/
tensorflow-benchmarks-efa-worker-1:17:592 [3] NCCL INFO NET/OFI [3] getCudaPath dev 2 busId 0000:00:18.0 path /sys/devices/pci0000:00
tensorflow-benchmarks-efa-worker-1:14:575 [0] NCCL INFO NET/OFI [0] getCudaPath dev 0 busId 0000:00:16.0 path /sys/devices/pci0000:00/
tensorflow-benchmarks-efa-worker-1:17:592 [3] NCCL INFO NET/OFI [3] getCudaPath dev 3 busId 0000:00:19.0 path /sys/devices/pci0000:00
tensorflow-benchmarks-efa-worker-1:14:575 [0] NCCL INFO NET/OFI [0] getCudaPath dev 1 busId 0000:00:17.0 path /sys/devices/pci0000:00
tensorflow-benchmarks-efa-worker-1:14:575 [0] NCCL INFO NET/OFI [0] getCudaPath dev 2 busId 0000:00:18.0 path /sys/devices/pci0000:00
tensorflow-benchmarks-efa-worker-1:14:575 [0] NCCL INFO NET/OFI [0] getCudaPath dev 3 busId 0000:00:19.0 path /sys/devices/pci0000:00
tensorflow-benchmarks-efa-worker-1:16:581 [2] NCCL INFO NET/OFI [2] getCudaPath dev 0 busId 0000:00:16.0 path /sys/devices/pci0000:00
tensorflow-benchmarks-efa-worker-1:16:581 [2] NCCL INFO NET/OFI [2] getCudaPath dev 1 busId 0000:00:17.0 path /sys/devices/pci0000:00/
tensorflow-benchmarks-efa-worker-1:16:581 [2] NCCL INFO NET/OFI [2] getCudaPath dev 2 busId 0000:00:18.0 path /sys/devices/pci0000:00
tensorflow-benchmarks-efa-worker-1:16:581 [2] NCCL INFO NET/OFI [2] getCudaPath dev 3 busId 0000:00:19.0 path /sys/devices/pci0000:00
tensorflow-benchmarks-efa-worker-1:19:587 [5] NCCL INFO NET/OFI [5] getCudaPath dev 0 busId 0000:00:16.0 path /sys/devices/pci0000:00
tensorflow-benchmarks-efa-worker-1:19:587 [5] NCCL INFO NET/OFI [5] getCudaPath dev 1 busId 0000:00:17.0 path /sys/devices/pci0000:00
tensorflow-benchmarks-efa-worker-1:19:587 [5] NCCL INFO NET/OFI [5] getCudaPath dev 2 busId 0000:00:18.0 path /sys/devices/pci0000:00/
tensorflow-benchmarks-efa-worker-1:19:587 [5] NCCL INFO NET/OFI [5] getCudaPath dev 3 busId 0000:00:19.0 path /sys/devices/pci0000:00
tensorflow-benchmarks-efa-worker-1:18:580 [4] NCCL INFO NET/OFI [4] getCudaPath dev 0 busId 0000:00:16.0 path /sys/devices/pci0000:00
tensorflow-benchmarks-efa-worker-1:18:580 [4] NCCL INFO NET/OFI [4] getCudaPath dev 1 busId 0000:00:17.0 path /sys/devices/pci0000:00
tensorflow-benchmarks-efa-worker-1:18:580 [4] NCCL INFO NET/OFI [4] getCudaPath dev 2 busId 0000:00:18.0 path /sys/devices/pci0000:00/
tensorflow-benchmarks-efa-worker-1:18:580 [4] NCCL INFO NET/OFI [4] getCudaPath dev 3 busId 0000:00:19.0 path /sys/devices/pci0000:00
tensorflow-benchmarks-efa-worker-0:17:584 [3] NCCL INFO NET/OFI [3] getCudaPath dev 0 busId 0000:00:16.0 path /sys/devices/pci0000:00
tensorflow-benchmarks-efa-worker-0:17:584 [3] NCCL INFO NET/OFI [3] getCudaPath dev 1 busId 0000:00:17.0 path /sys/devices/pci0000:00/
tensorflow-benchmarks-efa-worker-0:17:584 [3] NCCL INFO NET/OFI [3] getCudaPath dev 2 busId 0000:00:18.0 path /sys/devices/pci0000:00
tensorflow-benchmarks-efa-worker-0:17:584 [3] NCCL INFO NET/OFI [3] getCudaPath dev 3 busId 0000:00:19.0 path /sys/devices/pci0000:00
tensorflow-benchmarks-efa-worker-0:19:581 [5] NCCL INFO NET/OFI [5] getCudaPath dev 0 busId 0000:00:16.0 path /sys/devices/pci0000:00
tensorflow-benchmarks-efa-worker-0:19:581 [5] NCCL INFO NET/OFI [5] getCudaPath dev 1 busId 0000:00:17.0 path /sys/devices/pci0000:00
tensorflow-benchmarks-efa-worker-0:19:581 [5] NCCL INFO NET/OFI [5] getCudaPath dev 2 busId 0000:00:18.0 path /sys/devices/pci0000:00/
tensorflow-benchmarks-efa-worker-0:19:581 [5] NCCL INFO NET/OFI [5] getCudaPath dev 3 busId 0000:00:19.0 path /sys/devices/pci0000:00
tensorflow-benchmarks-efa-worker-0:18:576 [4] NCCL INFO NET/OFI [4] getCudaPath dev 0 busId 0000:00:16.0 path /sys/devices/pci0000:00
tensorflow-benchmarks-efa-worker-0:18:576 [4] NCCL INFO NET/OFI [4] getCudaPath dev 1 busId 0000:00:17.0 path /sys/devices/pci0000:00
tensorflow-benchmarks-efa-worker-0:18:576 [4] NCCL INFO NET/OFI [4] getCudaPath dev 2 busId 0000:00:18.0 path /sys/devices/pci0000:00/
tensorflow-benchmarks-efa-worker-0:18:576 [4] NCCL INFO NET/OFI [4] getCudaPath dev 3 busId 0000:00:19.0 path /sys/devices/pci0000:00
tensorflow-benchmarks-efa-worker-0:14:595 [0] NCCL INFO NET/OFI [0] getCudaPath dev 0 busId 0000:00:16.0 path /sys/devices/pci0000:00/
tensorflow-benchmarks-efa-worker-0:14:595 [0] NCCL INFO NET/OFI [0] getCudaPath dev 1 busId 0000:00:17.0 path /sys/devices/pci0000:00
tensorflow-benchmarks-efa-worker-0:14:595 [0] NCCL INFO NET/OFI [0] getCudaPath dev 2 busId 0000:00:18.0 path /sys/devices/pci0000:00
tensorflow-benchmarks-efa-worker-0:14:595 [0] NCCL INFO NET/OFI [0] getCudaPath dev 3 busId 0000:00:19.0 path /sys/devices/pci0000:00
tensorflow-benchmarks-efa-worker-0:15:587 [1] NCCL INFO NET/OFI [1] getCudaPath dev 0 busId 0000:00:16.0 path /sys/devices/pci0000:00/
tensorflow-benchmarks-efa-worker-0:15:587 [1] NCCL INFO NET/OFI [1] getCudaPath dev 1 busId 0000:00:17.0 path /sys/devices/pci0000:00
tensorflow-benchmarks-efa-worker-0:15:587 [1] NCCL INFO NET/OFI [1] getCudaPath dev 2 busId 0000:00:18.0 path /sys/devices/pci0000:00
tensorflow-benchmarks-efa-worker-0:15:587 [1] NCCL INFO NET/OFI [1] getCudaPath dev 3 busId 0000:00:19.0 path /sys/devices/pci0000:00
tensorflow-benchmarks-efa-worker-0:16:575 [2] NCCL INFO NET/OFI [2] getCudaPath dev 0 busId 0000:00:16.0 path /sys/devices/pci0000:00
tensorflow-benchmarks-efa-worker-0:16:575 [2] NCCL INFO NET/OFI [2] getCudaPath dev 1 busId 0000:00:17.0 path /sys/devices/pci0000:00/
tensorflow-benchmarks-efa-worker-0:16:575 [2] NCCL INFO NET/OFI [2] getCudaPath dev 2 busId 0000:00:18.0 path /sys/devices/pci0000:00
tensorflow-benchmarks-efa-worker-0:16:575 [2] NCCL INFO NET/OFI [2] getCudaPath dev 3 busId 0000:00:19.0 path /sys/devices/pci0000:00
tensorflow-benchmarks-efa-worker-0:20:585 [6] NCCL INFO NET/OFI [6] getCudaPath dev 0 busId 0000:00:16.0 path /sys/devices/pci0000:00
tensorflow-benchmarks-efa-worker-0:20:585 [6] NCCL INFO NET/OFI [6] getCudaPath dev 1 busId 0000:00:17.0 path /sys/devices/pci0000:00
tensorflow-benchmarks-efa-worker-0:20:585 [6] NCCL INFO NET/OFI [6] getCudaPath dev 2 busId 0000:00:18.0 path /sys/devices/pci0000:00
tensorflow-benchmarks-efa-worker-0:20:585 [6] NCCL INFO NET/OFI [6] getCudaPath dev 3 busId 0000:00:19.0 path /sys/devices/pci0000:00/
tensorflow-benchmarks-efa-worker-0:21:574 [7] NCCL INFO NET/OFI [7] getCudaPath dev 0 busId 0000:00:16.0 path /sys/devices/pci0000:00
tensorflow-benchmarks-efa-worker-0:21:574 [7] NCCL INFO NET/OFI [7] getCudaPath dev 1 busId 0000:00:17.0 path /sys/devices/pci0000:00
tensorflow-benchmarks-efa-worker-0:21:574 [7] NCCL INFO NET/OFI [7] getCudaPath dev 2 busId 0000:00:18.0 path /sys/devices/pci0000:00
tensorflow-benchmarks-efa-worker-0:21:574 [7] NCCL INFO NET/OFI [7] getCudaPath dev 3 busId 0000:00:19.0 path /sys/devices/pci0000:00/
tensorflow-benchmarks-efa-worker-0:20:585 [6] NCCL INFO threadThresholds 8/8/64 | 128/8/64 | 8/8/64
tensorflow-benchmarks-efa-worker-0:20:585 [6] NCCL INFO Trees [0] 7/-1/-1->6->5|5->6->7/-1/-1 [1] 5/-1/-1->6->7|7->6->5/-1/-1 [2] 5/-1/-1->6->7|7->6->5/-1/-1 [3] 7/13/-1->6->5|5->6->7/13/-1 [4] 7/-1/-1->6->5|5->6->7/-1/-1 [5] 5/-1/-1->6->7|7->6->5/-1/-1 [6] 5/-1/-1->6->7|7->6->5/-1/-1 [7] 7/-1/-1->6->5|5->6->7/-1/-1
tensorflow-benchmarks-efa-worker-0:19:581 [5] NCCL INFO threadThresholds 8/8/64 | 128/8/64 | 8/8/64
tensorflow-benchmarks-efa-worker-0:19:581 [5] NCCL INFO Trees [0] 6/-1/-1->5->1|1->5->6/-1/-1 [1] -1/-1/-1->5->6|6->5->-1/-1/-1 [2] 1/-1/-1->5->6|6->5->1/-1/-1 [3] 6/-1/-1->5->-1|-1->5->6/-1/-1 [4] 6/-1/-1->5->1|1->5->6/-1/-1 [5] -1/-1/-1->5->6|6->5->-1/-1/-1 [6] 1/-1/-1->5->6|6->5->1/-1/-1 [7] 6/-1/-1->5->14|14->5->6/-1/-1
tensorflow-benchmarks-efa-worker-0:21:574 [7] NCCL INFO threadThresholds 8/8/64 | 128/8/64 | 8/8/64
tensorflow-benchmarks-efa-worker-0:21:574 [7] NCCL INFO Trees [0] 4/-1/-1->7->6|6->7->4/-1/-1 [1] 6/-1/-1->7->4|4->7->6/-1/-1 [2] 6/12/-1->7->4|4->7->6/12/-1 [3] 4/-1/-1->7->6|6->7->4/-1/-1 [4] 4/-1/-1->7->6|6->7->4/-1/-1 [5] 6/-1/-1->7->4|4->7->6/-1/-1 [6] 6/-1/-1->7->4|4->7->6/-1/-1 [7] 4/-1/-1->7->6|6->7->4/-1/-1
tensorflow-benchmarks-efa-worker-1:14:575 [0] NCCL INFO threadThresholds 8/8/64 | 128/8/64 | 8/8/64
tensorflow-benchmarks-efa-worker-1:14:575 [0] NCCL INFO Trees [0] 11/-1/-1->8->3|3->8->11/-1/-1 [1] 12/-1/-1->8->11|11->8->12/-1/-1 [2] -1/-1/-1->8->11|11->8->-1/-1/-1 [3] 11/-1/-1->8->12|12->8->11/-1/-1 [4] 11/-1/-1->8->-1|-1->8->11/-1/-1 [5] 12/-1/-1->8->11|11->8->12/-1/-1 [6] -1/-1/-1->8->11|11->8->-1/-1/-1 [7] 11/-1/-1->8->12|12->8->11/-1/-1
tensorflow-benchmarks-efa-worker-1:16:581 [2] NCCL INFO threadThresholds 8/8/64 | 128/8/64 | 8/8/64
tensorflow-benchmarks-efa-worker-1:16:581 [2] NCCL INFO Trees [0] 9/-1/-1->10->11|11->10->9/-1/-1 [1] 11/-1/-1->10->9|9->10->11/-1/-1 [2] 11/-1/-1->10->9|9->10->11/-1/-1 [3] 9/-1/-1->10->11|11->10->9/-1/-1 [4] 9/-1/-1->10->11|11->10->9/-1/-1 [5] 11/1/-1->10->9|9->10->11/1/-1 [6] 11/-1/-1->10->9|9->10->11/-1/-1 [7] 9/-1/-1->10->11|11->10->9/-1/-1
tensorflow-benchmarks-efa-worker-1:15:574 [1] NCCL INFO threadThresholds 8/8/64 | 128/8/64 | 8/8/64
tensorflow-benchmarks-efa-worker-1:15:574 [1] NCCL INFO Trees [0] 13/-1/-1->9->10|10->9->13/-1/-1 [1] 10/-1/-1->9->2|2->9->10/-1/-1 [2] 10/-1/-1->9->13|13->9->10/-1/-1 [3] -1/-1/-1->9->10|10->9->-1/-1/-1 [4] 13/-1/-1->9->10|10->9->13/-1/-1 [5] 10/-1/-1->9->-1|-1->9->10/-1/-1 [6] 10/-1/-1->9->13|13->9->10/-1/-1 [7] -1/-1/-1->9->10|10->9->-1/-1/-1
tensorflow-benchmarks-efa-worker-1:17:592 [3] NCCL INFO threadThresholds 8/8/64 | 128/8/64 | 8/8/64
tensorflow-benchmarks-efa-worker-1:17:592 [3] NCCL INFO Trees [0] 10/-1/-1->11->8|8->11->10/-1/-1 [1] 8/-1/-1->11->10|10->11->8/-1/-1 [2] 8/-1/-1->11->10|10->11->8/-1/-1 [3] 10/-1/-1->11->8|8->11->10/-1/-1 [4] 10/0/-1->11->8|8->11->10/0/-1 [5] 8/-1/-1->11->10|10->11->8/-1/-1 [6] 8/-1/-1->11->10|10->11->8/-1/-1 [7] 10/-1/-1->11->8|8->11->10/-1/-1
tensorflow-benchmarks-efa-worker-1:18:580 [4] NCCL INFO threadThresholds 8/8/64 | 128/8/64 | 8/8/64
tensorflow-benchmarks-efa-worker-1:18:580 [4] NCCL INFO Trees [0] -1/-1/-1->12->15|15->12->-1/-1/-1 [1] 15/-1/-1->12->8|8->12->15/-1/-1 [2] 15/-1/-1->12->7|7->12->15/-1/-1 [3] 8/-1/-1->12->15|15->12->8/-1/-1 [4] -1/-1/-1->12->15|15->12->-1/-1/-1 [5] 15/-1/-1->12->8|8->12->15/-1/-1 [6] 15/-1/-1->12->-1|-1->12->15/-1/-1 [7] 8/-1/-1->12->15|15->12->8/-1/-1
tensorflow-benchmarks-efa-worker-1:19:587 [5] NCCL INFO threadThresholds 8/8/64 | 128/8/64 | 8/8/64
tensorflow-benchmarks-efa-worker-1:19:587 [5] NCCL INFO Trees [0] 14/-1/-1->13->9|9->13->14/-1/-1 [1] -1/-1/-1->13->14|14->13->-1/-1/-1 [2] 9/-1/-1->13->14|14->13->9/-1/-1 [3] 14/-1/-1->13->6|6->13->14/-1/-1 [4] 14/-1/-1->13->9|9->13->14/-1/-1 [5] -1/-1/-1->13->14|14->13->-1/-1/-1 [6] 9/-1/-1->13->14|14->13->9/-1/-1 [7] 14/-1/-1->13->-1|-1->13->14/-1/-1
tensorflow-benchmarks-efa-worker-1:20:586 [6] NCCL INFO threadThresholds 8/8/64 | 128/8/64 | 8/8/64
tensorflow-benchmarks-efa-worker-1:20:586 [6] NCCL INFO Trees [0] 15/-1/-1->14->13|13->14->15/-1/-1 [1] 13/-1/-1->14->15|15->14->13/-1/-1 [2] 13/-1/-1->14->15|15->14->13/-1/-1 [3] 15/-1/-1->14->13|13->14->15/-1/-1 [4] 15/-1/-1->14->13|13->14->15/-1/-1 [5] 13/-1/-1->14->15|15->14->13/-1/-1 [6] 13/-1/-1->14->15|15->14->13/-1/-1 [7] 15/5/-1->14->13|13->14->15/5/-1
tensorflow-benchmarks-efa-worker-1:21:593 [7] NCCL INFO threadThresholds 8/8/64 | 128/8/64 | 8/8/64
tensorflow-benchmarks-efa-worker-1:21:593 [7] NCCL INFO Trees [0] 12/-1/-1->15->14|14->15->12/-1/-1 [1] 14/-1/-1->15->12|12->15->14/-1/-1 [2] 14/-1/-1->15->12|12->15->14/-1/-1 [3] 12/-1/-1->15->14|14->15->12/-1/-1 [4] 12/-1/-1->15->14|14->15->12/-1/-1 [5] 14/-1/-1->15->12|12->15->14/-1/-1 [6] 14/4/-1->15->12|12->15->14/4/-1 [7] 12/-1/-1->15->14|14->15->12/-1/-1
tensorflow-benchmarks-efa-worker-0:14:595 [0] NCCL INFO Channel 00/08 :    0   3   2   1   5   6   7   4   8  11  10   9  13  14  15  12
tensorflow-benchmarks-efa-worker-0:14:595 [0] NCCL INFO Channel 01/08 :    0   4   7   6   5   9  10  11   8  12  15  14  13   1   2   3
tensorflow-benchmarks-efa-worker-0:14:595 [0] NCCL INFO Channel 02/08 :    0   1   5   6  10  11  15  12   8   9  13  14   2   3   7   4
tensorflow-benchmarks-efa-worker-0:14:595 [0] NCCL INFO Channel 03/08 :    0   1   2   6   5   4   7  11   8   9  10  14  13  12  15   3
tensorflow-benchmarks-efa-worker-0:14:595 [0] NCCL INFO Channel 04/08 :    0   3   2   1   5   6   7   4   8  11  10   9  13  14  15  12
tensorflow-benchmarks-efa-worker-0:14:595 [0] NCCL INFO Channel 05/08 :    0   4   7   6   5   9  10  11   8  12  15  14  13   1   2   3
tensorflow-benchmarks-efa-worker-0:14:595 [0] NCCL INFO Channel 06/08 :    0   1   5   6  10  11  15  12   8   9  13  14   2   3   7   4
tensorflow-benchmarks-efa-worker-0:14:595 [0] NCCL INFO Channel 07/08 :    0   1   2   6   5   4   7  11   8   9  10  14  13  12  15   3
tensorflow-benchmarks-efa-worker-0:14:595 [0] NCCL INFO threadThresholds 8/8/64 | 128/8/64 | 8/8/64
tensorflow-benchmarks-efa-worker-0:14:595 [0] NCCL INFO Trees [0] 3/-1/-1->0->-1|-1->0->3/-1/-1 [1] 4/-1/-1->0->3|3->0->4/-1/-1 [2] -1/-1/-1->0->3|3->0->-1/-1/-1 [3] 3/-1/-1->0->4|4->0->3/-1/-1 [4] 3/-1/-1->0->11|11->0->3/-1/-1 [5] 4/-1/-1->0->3|3->0->4/-1/-1 [6] -1/-1/-1->0->3|3->0->-1/-1/-1 [7] 3/-1/-1->0->4|4->0->3/-1/-1
tensorflow-benchmarks-efa-worker-0:15:587 [1] NCCL INFO threadThresholds 8/8/64 | 128/8/64 | 8/8/64
tensorflow-benchmarks-efa-worker-0:15:587 [1] NCCL INFO Trees [0] 5/-1/-1->1->2|2->1->5/-1/-1 [1] 2/-1/-1->1->-1|-1->1->2/-1/-1 [2] 2/-1/-1->1->5|5->1->2/-1/-1 [3] -1/-1/-1->1->2|2->1->-1/-1/-1 [4] 5/-1/-1->1->2|2->1->5/-1/-1 [5] 2/-1/-1->1->10|10->1->2/-1/-1 [6] 2/-1/-1->1->5|5->1->2/-1/-1 [7] -1/-1/-1->1->2|2->1->-1/-1/-1
tensorflow-benchmarks-efa-worker-0:16:575 [2] NCCL INFO threadThresholds 8/8/64 | 128/8/64 | 8/8/64
tensorflow-benchmarks-efa-worker-0:16:575 [2] NCCL INFO Trees [0] 1/-1/-1->2->3|3->2->1/-1/-1 [1] 3/9/-1->2->1|1->2->3/9/-1 [2] 3/-1/-1->2->1|1->2->3/-1/-1 [3] 1/-1/-1->2->3|3->2->1/-1/-1 [4] 1/-1/-1->2->3|3->2->1/-1/-1 [5] 3/-1/-1->2->1|1->2->3/-1/-1 [6] 3/-1/-1->2->1|1->2->3/-1/-1 [7] 1/-1/-1->2->3|3->2->1/-1/-1
tensorflow-benchmarks-efa-worker-0:17:584 [3] NCCL INFO threadThresholds 8/8/64 | 128/8/64 | 8/8/64
tensorflow-benchmarks-efa-worker-0:17:584 [3] NCCL INFO Trees [0] 2/8/-1->3->0|0->3->2/8/-1 [1] 0/-1/-1->3->2|2->3->0/-1/-1 [2] 0/-1/-1->3->2|2->3->0/-1/-1 [3] 2/-1/-1->3->0|0->3->2/-1/-1 [4] 2/-1/-1->3->0|0->3->2/-1/-1 [5] 0/-1/-1->3->2|2->3->0/-1/-1 [6] 0/-1/-1->3->2|2->3->0/-1/-1 [7] 2/-1/-1->3->0|0->3->2/-1/-1
tensorflow-benchmarks-efa-worker-0:18:576 [4] NCCL INFO threadThresholds 8/8/64 | 128/8/64 | 8/8/64
tensorflow-benchmarks-efa-worker-0:18:576 [4] NCCL INFO Trees [0] -1/-1/-1->4->7|7->4->-1/-1/-1 [1] 7/-1/-1->4->0|0->4->7/-1/-1 [2] 7/-1/-1->4->-1|-1->4->7/-1/-1 [3] 0/-1/-1->4->7|7->4->0/-1/-1 [4] -1/-1/-1->4->7|7->4->-1/-1/-1 [5] 7/-1/-1->4->0|0->4->7/-1/-1 [6] 7/-1/-1->4->15|15->4->7/-1/-1 [7] 0/-1/-1->4->7|7->4->0/-1/-1
tensorflow-benchmarks-efa-worker-0:19:581 [5] NCCL INFO Ring 00 : 5[1b0] -> 6[1c0] via P2P/IPC
tensorflow-benchmarks-efa-worker-0:20:585 [6] NCCL INFO Ring 00 : 6[1c0] -> 7[1d0] via P2P/IPC
tensorflow-benchmarks-efa-worker-0:21:574 [7] NCCL INFO Ring 00 : 7[1d0] -> 4[1a0] via P2P/IPC
tensorflow-benchmarks-efa-worker-0:14:595 [0] NCCL INFO Ring 00 : 12[1a0] -> 0[160] [receive] via NET/AWS Libfabric/0
tensorflow-benchmarks-efa-worker-0:15:587 [1] NCCL INFO Ring 00 : 1[170] -> 5[1b0] via P2P/IPC
tensorflow-benchmarks-efa-worker-0:16:575 [2] NCCL INFO Ring 00 : 2[180] -> 1[170] via P2P/IPC
tensorflow-benchmarks-efa-worker-0:17:584 [3] NCCL INFO Ring 00 : 3[190] -> 2[180] via P2P/IPC
tensorflow-benchmarks-efa-worker-1:14:575 [0] NCCL INFO Ring 00 : 4[1a0] -> 8[160] [receive] via NET/AWS Libfabric/0
tensorflow-benchmarks-efa-worker-0:18:576 [4] NCCL INFO Ring 00 : 4[1a0] -> 8[160] [send] via NET/AWS Libfabric/0
tensorflow-benchmarks-efa-worker-1:15:574 [1] NCCL INFO Ring 00 : 9[170] -> 13[1b0] via P2P/IPC
tensorflow-benchmarks-efa-worker-1:16:581 [2] NCCL INFO Ring 00 : 10[180] -> 9[170] via P2P/IPC
tensorflow-benchmarks-efa-worker-1:17:592 [3] NCCL INFO Ring 00 : 11[190] -> 10[180] via P2P/IPC
tensorflow-benchmarks-efa-worker-1:19:587 [5] NCCL INFO Ring 00 : 13[1b0] -> 14[1c0] via P2P/IPC
tensorflow-benchmarks-efa-worker-1:20:586 [6] NCCL INFO Ring 00 : 14[1c0] -> 15[1d0] via P2P/IPC
tensorflow-benchmarks-efa-worker-1:21:593 [7] NCCL INFO Ring 00 : 15[1d0] -> 12[1a0] via P2P/IPC
tensorflow-benchmarks-efa-worker-1:18:580 [4] NCCL INFO Ring 00 : 12[1a0] -> 0[160] [send] via NET/AWS Libfabric/0
tensorflow-benchmarks-efa-worker-0:20:585 [6] NCCL INFO Ring 00 : 6[1c0] -> 5[1b0] via P2P/IPC
tensorflow-benchmarks-efa-worker-0:19:581 [5] NCCL INFO Ring 00 : 5[1b0] -> 1[170] via P2P/IPC
tensorflow-benchmarks-efa-worker-0:21:574 [7] NCCL INFO Ring 00 : 7[1d0] -> 6[1c0] via P2P/IPC
tensorflow-benchmarks-efa-worker-0:15:587 [1] NCCL INFO Ring 00 : 1[170] -> 2[180] via P2P/IPC
tensorflow-benchmarks-efa-worker-0:16:575 [2] NCCL INFO Ring 00 : 2[180] -> 3[190] via P2P/IPC
tensorflow-benchmarks-efa-worker-0:20:585 [6] NCCL INFO Ring 01 : 6[1c0] -> 5[1b0] via P2P/IPC
tensorflow-benchmarks-efa-worker-1:15:574 [1] NCCL INFO Ring 00 : 9[170] -> 10[180] via P2P/IPC
tensorflow-benchmarks-efa-worker-1:16:581 [2] NCCL INFO Ring 00 : 10[180] -> 11[190] via P2P/IPC
tensorflow-benchmarks-efa-worker-1:19:587 [5] NCCL INFO Ring 00 : 13[1b0] -> 9[170] via P2P/IPC
tensorflow-benchmarks-efa-worker-1:20:586 [6] NCCL INFO Ring 00 : 14[1c0] -> 13[1b0] via P2P/IPC
tensorflow-benchmarks-efa-worker-1:21:593 [7] NCCL INFO Ring 00 : 15[1d0] -> 14[1c0] via P2P/IPC
tensorflow-benchmarks-efa-worker-0:15:587 [1] NCCL INFO Ring 01 : 13[1b0] -> 1[170] [receive] via NET/AWS Libfabric/1
tensorflow-benchmarks-efa-worker-0:19:581 [5] NCCL INFO Ring 01 : 5[1b0] -> 9[170] [send] via NET/AWS Libfabric/1
tensorflow-benchmarks-efa-worker-1:20:586 [6] NCCL INFO Ring 01 : 14[1c0] -> 13[1b0] via P2P/IPC
tensorflow-benchmarks-efa-worker-0:14:595 [0] NCCL INFO Ring 00 : 0[160] -> 3[190] via P2P/IPC
tensorflow-benchmarks-efa-worker-1:15:574 [1] NCCL INFO Ring 01 : 5[1b0] -> 9[170] [receive] via NET/AWS Libfabric/1
tensorflow-benchmarks-efa-worker-1:19:587 [5] NCCL INFO Ring 01 : 13[1b0] -> 1[170] [send] via NET/AWS Libfabric/1
tensorflow-benchmarks-efa-worker-0:16:575 [2] NCCL INFO Ring 01 : 2[180] -> 3[190] via P2P/IPC
tensorflow-benchmarks-efa-worker-1:14:575 [0] NCCL INFO Ring 00 : 8[160] -> 11[190] via P2P/IPC
tensorflow-benchmarks-efa-worker-0:17:584 [3] NCCL INFO Ring 00 : 8[160] -> 3[190] [receive] via NET/AWS Libfabric/0
tensorflow-benchmarks-efa-worker-1:17:592 [3] NCCL INFO Ring 00 : 11[190] -> 8[160] via P2P/IPC
tensorflow-benchmarks-efa-worker-1:16:581 [2] NCCL INFO Ring 01 : 10[180] -> 11[190] via P2P/IPC
tensorflow-benchmarks-efa-worker-0:15:587 [1] NCCL INFO Ring 01 : 1[170] -> 2[180] via P2P/IPC
tensorflow-benchmarks-efa-worker-1:15:574 [1] NCCL INFO Ring 01 : 9[170] -> 10[180] via P2P/IPC
tensorflow-benchmarks-efa-worker-0:17:584 [3] NCCL INFO Ring 00 : 3[190] -> 0[160] via P2P/IPC
tensorflow-benchmarks-efa-worker-1:18:580 [4] NCCL INFO Ring 00 : 12[1a0] -> 15[1d0] via P2P/IPC
tensorflow-benchmarks-efa-worker-0:18:576 [4] NCCL INFO Ring 00 : 4[1a0] -> 7[1d0] via P2P/IPC
tensorflow-benchmarks-efa-worker-1:18:580 [4] NCCL INFO Ring 01 : 12[1a0] -> 15[1d0] via P2P/IPC
tensorflow-benchmarks-efa-worker-1:21:593 [7] NCCL INFO Ring 01 : 15[1d0] -> 14[1c0] via P2P/IPC
tensorflow-benchmarks-efa-worker-0:18:576 [4] NCCL INFO Ring 01 : 4[1a0] -> 7[1d0] via P2P/IPC
tensorflow-benchmarks-efa-worker-0:21:574 [7] NCCL INFO Ring 01 : 7[1d0] -> 6[1c0] via P2P/IPC
tensorflow-benchmarks-efa-worker-1:20:586 [6] NCCL INFO Ring 01 : 14[1c0] -> 15[1d0] via P2P/IPC
tensorflow-benchmarks-efa-worker-1:21:593 [7] NCCL INFO Ring 01 : 15[1d0] -> 12[1a0] via P2P/IPC
tensorflow-benchmarks-efa-worker-0:20:585 [6] NCCL INFO Ring 01 : 6[1c0] -> 7[1d0] via P2P/IPC
tensorflow-benchmarks-efa-worker-0:21:574 [7] NCCL INFO Ring 01 : 7[1d0] -> 4[1a0] via P2P/IPC
tensorflow-benchmarks-efa-worker-0:14:595 [0] NCCL INFO Ring 01 : 0[160] -> 4[1a0] via P2P/IPC
tensorflow-benchmarks-efa-worker-1:17:592 [3] NCCL INFO Ring 01 : 11[190] -> 8[160] via P2P/IPC
tensorflow-benchmarks-efa-worker-1:16:581 [2] NCCL INFO Ring 01 : 10[180] -> 9[170] via P2P/IPC
tensorflow-benchmarks-efa-worker-0:18:576 [4] NCCL INFO Ring 01 : 4[1a0] -> 0[160] via P2P/IPC
tensorflow-benchmarks-efa-worker-1:14:575 [0] NCCL INFO Ring 00 : 8[160] -> 3[190] [send] via NET/AWS Libfabric/0
tensorflow-benchmarks-efa-worker-0:21:574 [7] NCCL INFO Ring 02 : 7[1d0] -> 4[1a0] via P2P/IPC
tensorflow-benchmarks-efa-worker-1:19:587 [5] NCCL INFO Ring 01 : 13[1b0] -> 14[1c0] via P2P/IPC
tensorflow-benchmarks-efa-worker-1:19:587 [5] NCCL INFO Ring 02 : 13[1b0] -> 14[1c0] via P2P/IPC
tensorflow-benchmarks-efa-worker-1:14:575 [0] NCCL INFO Ring 00 : 3[190] -> 8[160] [receive] via NET/AWS Libfabric/0
tensorflow-benchmarks-efa-worker-0:19:581 [5] NCCL INFO Ring 01 : 5[1b0] -> 6[1c0] via P2P/IPC
tensorflow-benchmarks-efa-worker-1:20:586 [6] NCCL INFO Ring 02 : 14[1c0] -> 2[180] [send] via NET/AWS Libfabric/2
tensorflow-benchmarks-efa-worker-0:19:581 [5] NCCL INFO Ring 02 : 5[1b0] -> 6[1c0] via P2P/IPC
tensorflow-benchmarks-efa-worker-0:20:585 [6] NCCL INFO Ring 02 : 6[1c0] -> 10[180] [send] via NET/AWS Libfabric/2
tensorflow-benchmarks-efa-worker-0:17:584 [3] NCCL INFO Ring 00 : 3[190] -> 8[160] [send] via NET/AWS Libfabric/0
tensorflow-benchmarks-efa-worker-0:17:584 [3] NCCL INFO Ring 01 : 3[190] -> 0[160] via P2P/IPC
tensorflow-benchmarks-efa-worker-1:14:575 [0] NCCL INFO Ring 01 : 8[160] -> 12[1a0] via P2P/IPC
tensorflow-benchmarks-efa-worker-1:15:574 [1] NCCL INFO Ring 01 : 9[170] -> 2[180] [send] via NET/AWS Libfabric/1
tensorflow-benchmarks-efa-worker-0:14:595 [0] NCCL INFO Ring 01 : 0[160] -> 3[190] via P2P/IPC
tensorflow-benchmarks-efa-worker-0:17:584 [3] NCCL INFO Ring 01 : 3[190] -> 2[180] via P2P/IPC
tensorflow-benchmarks-efa-worker-1:17:592 [3] NCCL INFO Ring 01 : 11[190] -> 10[180] via P2P/IPC
tensorflow-benchmarks-efa-worker-1:18:580 [4] NCCL INFO Ring 01 : 12[1a0] -> 8[160] via P2P/IPC
tensorflow-benchmarks-efa-worker-1:14:575 [0] NCCL INFO Ring 01 : 8[160] -> 11[190] via P2P/IPC
tensorflow-benchmarks-efa-worker-0:18:576 [4] NCCL INFO Ring 02 : 4[1a0] -> 0[160] via P2P/IPC
tensorflow-benchmarks-efa-worker-0:16:575 [2] NCCL INFO Ring 01 : 9[170] -> 2[180] [receive] via NET/AWS Libfabric/1
tensorflow-benchmarks-efa-worker-0:14:595 [0] NCCL INFO Ring 02 : 0[160] -> 1[170] via P2P/IPC
tensorflow-benchmarks-efa-worker-0:17:584 [3] NCCL INFO Ring 02 : 3[190] -> 7[1d0] via P2P/IPC
tensorflow-benchmarks-efa-worker-0:18:576 [4] NCCL INFO Ring 02 : 4[1a0] -> 7[1d0] via P2P/IPC
tensorflow-benchmarks-efa-worker-1:21:593 [7] NCCL INFO Ring 02 : 15[1d0] -> 12[1a0] via P2P/IPC
tensorflow-benchmarks-efa-worker-1:17:592 [3] NCCL INFO Ring 02 : 11[190] -> 15[1d0] via P2P/IPC
tensorflow-benchmarks-efa-worker-1:16:581 [2] NCCL INFO Ring 02 : 6[1c0] -> 10[180] [receive] via NET/AWS Libfabric/2
tensorflow-benchmarks-efa-worker-1:18:580 [4] NCCL INFO Ring 02 : 12[1a0] -> 8[160] via P2P/IPC
tensorflow-benchmarks-efa-worker-1:14:575 [0] NCCL INFO Ring 02 : 8[160] -> 9[170] via P2P/IPC
tensorflow-benchmarks-efa-worker-0:21:574 [7] NCCL INFO Ring 02 : 12[1a0] -> 7[1d0] [receive] via NET/AWS Libfabric/2
tensorflow-benchmarks-efa-worker-1:18:580 [4] NCCL INFO Ring 02 : 12[1a0] -> 7[1d0] [send] via NET/AWS Libfabric/2
tensorflow-benchmarks-efa-worker-0:16:575 [2] NCCL INFO Ring 01 : 2[180] -> 1[170] via P2P/IPC
tensorflow-benchmarks-efa-worker-0:15:587 [1] NCCL INFO Ring 02 : 1[170] -> 5[1b0] via P2P/IPC
tensorflow-benchmarks-efa-worker-1:16:581 [2] NCCL INFO Ring 02 : 10[180] -> 11[190] via P2P/IPC
tensorflow-benchmarks-efa-worker-1:15:574 [1] NCCL INFO Ring 01 : 2[180] -> 9[170] [receive] via NET/AWS Libfabric/1
tensorflow-benchmarks-efa-worker-0:14:595 [0] NCCL INFO Ring 02 : 0[160] -> 3[190] via P2P/IPC
tensorflow-benchmarks-efa-worker-1:17:592 [3] NCCL INFO Ring 02 : 11[190] -> 10[180] via P2P/IPC
tensorflow-benchmarks-efa-worker-0:19:581 [5] NCCL INFO Ring 02 : 5[1b0] -> 1[170] via P2P/IPC
tensorflow-benchmarks-efa-worker-0:16:575 [2] NCCL INFO Ring 01 : 2[180] -> 9[170] [send] via NET/AWS Libfabric/1
tensorflow-benchmarks-efa-worker-1:15:574 [1] NCCL INFO Ring 02 : 9[170] -> 13[1b0] via P2P/IPC
tensorflow-benchmarks-efa-worker-0:16:575 [2] NCCL INFO Ring 02 : 14[1c0] -> 2[180] [receive] via NET/AWS Libfabric/2
tensorflow-benchmarks-efa-worker-1:14:575 [0] NCCL INFO Ring 02 : 8[160] -> 11[190] via P2P/IPC
tensorflow-benchmarks-efa-worker-1:19:587 [5] NCCL INFO Ring 02 : 13[1b0] -> 9[170] via P2P/IPC
tensorflow-benchmarks-efa-worker-0:20:585 [6] NCCL INFO Ring 02 : 6[1c0] -> 7[1d0] via P2P/IPC
tensorflow-benchmarks-efa-worker-0:20:585 [6] NCCL INFO Ring 02 : 6[1c0] -> 5[1b0] via P2P/IPC
tensorflow-benchmarks-efa-worker-1:18:580 [4] NCCL INFO Ring 02 : 7[1d0] -> 12[1a0] [receive] via NET/AWS Libfabric/2
tensorflow-benchmarks-efa-worker-1:18:580 [4] NCCL INFO Ring 02 : 12[1a0] -> 15[1d0] via P2P/IPC
tensorflow-benchmarks-efa-worker-1:16:581 [2] NCCL INFO Ring 02 : 10[180] -> 9[170] via P2P/IPC
tensorflow-benchmarks-efa-worker-0:16:575 [2] NCCL INFO Ring 02 : 2[180] -> 3[190] via P2P/IPC
tensorflow-benchmarks-efa-worker-0:17:584 [3] NCCL INFO Ring 02 : 3[190] -> 2[180] via P2P/IPC
tensorflow-benchmarks-efa-worker-1:17:592 [3] NCCL INFO Ring 02 : 11[190] -> 8[160] via P2P/IPC
tensorflow-benchmarks-efa-worker-1:15:574 [1] NCCL INFO Ring 02 : 9[170] -> 10[180] via P2P/IPC
tensorflow-benchmarks-efa-worker-0:21:574 [7] NCCL INFO Ring 02 : 7[1d0] -> 6[1c0] via P2P/IPC
tensorflow-benchmarks-efa-worker-1:14:575 [0] NCCL INFO Ring 03 : 8[160] -> 9[170] via P2P/IPC
tensorflow-benchmarks-efa-worker-0:18:576 [4] NCCL INFO Ring 03 : 4[1a0] -> 7[1d0] via P2P/IPC
tensorflow-benchmarks-efa-worker-0:20:585 [6] NCCL INFO Ring 03 : 6[1c0] -> 5[1b0] via P2P/IPC
tensorflow-benchmarks-efa-worker-1:16:581 [2] NCCL INFO Ring 03 : 10[180] -> 14[1c0] via P2P/IPC
tensorflow-benchmarks-efa-worker-1:17:592 [3] NCCL INFO Ring 03 : 7[1d0] -> 11[190] [receive] via NET/AWS Libfabric/3
tensorflow-benchmarks-efa-worker-1:15:574 [1] NCCL INFO Ring 03 : 9[170] -> 10[180] via P2P/IPC
tensorflow-benchmarks-efa-worker-0:21:574 [7] NCCL INFO Ring 02 : 7[1d0] -> 12[1a0] [send] via NET/AWS Libfabric/2
tensorflow-benchmarks-efa-worker-0:21:574 [7] NCCL INFO Ring 03 : 7[1d0] -> 11[190] [send] via NET/AWS Libfabric/3
tensorflow-benchmarks-efa-worker-1:17:592 [3] NCCL INFO Ring 03 : 11[190] -> 8[160] via P2P/IPC
tensorflow-benchmarks-efa-worker-1:20:586 [6] NCCL INFO Ring 02 : 14[1c0] -> 15[1d0] via P2P/IPC
tensorflow-benchmarks-efa-worker-1:14:575 [0] NCCL INFO Ring 03 : 8[160] -> 12[1a0] via P2P/IPC
tensorflow-benchmarks-efa-worker-1:20:586 [6] NCCL INFO Ring 02 : 14[1c0] -> 13[1b0] via P2P/IPC
tensorflow-benchmarks-efa-worker-1:21:593 [7] NCCL INFO Ring 02 : 15[1d0] -> 14[1c0] via P2P/IPC
tensorflow-benchmarks-efa-worker-1:19:587 [5] NCCL INFO Ring 03 : 13[1b0] -> 12[1a0] via P2P/IPC
tensorflow-benchmarks-efa-worker-0:16:575 [2] NCCL INFO Ring 02 : 2[180] -> 1[170] via P2P/IPC
tensorflow-benchmarks-efa-worker-1:20:586 [6] NCCL INFO Ring 03 : 14[1c0] -> 13[1b0] via P2P/IPC
tensorflow-benchmarks-efa-worker-0:17:584 [3] NCCL INFO Ring 02 : 3[190] -> 0[160] via P2P/IPC
tensorflow-benchmarks-efa-worker-1:18:580 [4] NCCL INFO Ring 03 : 12[1a0] -> 15[1d0] via P2P/IPC
tensorflow-benchmarks-efa-worker-1:16:581 [2] NCCL INFO Ring 03 : 10[180] -> 11[190] via P2P/IPC
tensorflow-benchmarks-efa-worker-1:21:593 [7] NCCL INFO Ring 03 : 15[1d0] -> 3[190] [send] via NET/AWS Libfabric/3
tensorflow-benchmarks-efa-worker-0:15:587 [1] NCCL INFO Ring 02 : 1[170] -> 2[180] via P2P/IPC
tensorflow-benchmarks-efa-worker-0:14:595 [0] NCCL INFO Ring 03 : 0[160] -> 1[170] via P2P/IPC
tensorflow-benchmarks-efa-worker-0:17:584 [3] NCCL INFO Ring 03 : 15[1d0] -> 3[190] [receive] via NET/AWS Libfabric/3
tensorflow-benchmarks-efa-worker-1:14:575 [0] NCCL INFO Ring 03 : 8[160] -> 11[190] via P2P/IPC
tensorflow-benchmarks-efa-worker-1:18:580 [4] NCCL INFO Ring 03 : 12[1a0] -> 8[160] via P2P/IPC
tensorflow-benchmarks-efa-worker-1:19:587 [5] NCCL INFO Ring 03 : 13[1b0] -> 6[1c0] [send] via NET/AWS Libfabric/3
tensorflow-benchmarks-efa-worker-0:16:575 [2] NCCL INFO Ring 03 : 2[180] -> 6[1c0] via P2P/IPC
tensorflow-benchmarks-efa-worker-0:19:581 [5] NCCL INFO Ring 03 : 5[1b0] -> 4[1a0] via P2P/IPC
tensorflow-benchmarks-efa-worker-0:15:587 [1] NCCL INFO Ring 03 : 1[170] -> 2[180] via P2P/IPC
tensorflow-benchmarks-efa-worker-0:16:575 [2] NCCL INFO Ring 03 : 2[180] -> 3[190] via P2P/IPC
tensorflow-benchmarks-efa-worker-0:19:581 [5] NCCL INFO Ring 03 : 5[1b0] -> 6[1c0] via P2P/IPC
tensorflow-benchmarks-efa-worker-0:20:585 [6] NCCL INFO Ring 03 : 13[1b0] -> 6[1c0] [receive] via NET/AWS Libfabric/3
tensorflow-benchmarks-efa-worker-0:21:574 [7] NCCL INFO Ring 03 : 7[1d0] -> 6[1c0] via P2P/IPC
tensorflow-benchmarks-efa-worker-0:21:574 [7] NCCL INFO Ring 03 : 7[1d0] -> 4[1a0] via P2P/IPC
tensorflow-benchmarks-efa-worker-0:17:584 [3] NCCL INFO Ring 03 : 3[190] -> 0[160] via P2P/IPC
tensorflow-benchmarks-efa-worker-0:14:595 [0] NCCL INFO Ring 03 : 0[160] -> 4[1a0] via P2P/IPC
tensorflow-benchmarks-efa-worker-1:17:592 [3] NCCL INFO Ring 03 : 11[190] -> 10[180] via P2P/IPC
tensorflow-benchmarks-efa-worker-1:16:581 [2] NCCL INFO Ring 03 : 10[180] -> 9[170] via P2P/IPC
tensorflow-benchmarks-efa-worker-0:14:595 [0] NCCL INFO Ring 03 : 0[160] -> 3[190] via P2P/IPC
tensorflow-benchmarks-efa-worker-0:18:576 [4] NCCL INFO Ring 03 : 4[1a0] -> 0[160] via P2P/IPC
tensorflow-benchmarks-efa-worker-1:15:574 [1] NCCL INFO Ring 04 : 9[170] -> 13[1b0] via P2P/IPC
tensorflow-benchmarks-efa-worker-1:17:592 [3] NCCL INFO Ring 04 : 11[190] -> 10[180] via P2P/IPC
tensorflow-benchmarks-efa-worker-1:16:581 [2] NCCL INFO Ring 04 : 10[180] -> 9[170] via P2P/IPC
tensorflow-benchmarks-efa-worker-1:14:575 [0] NCCL INFO Ring 04 : 4[1a0] -> 8[160] [receive] via NET/AWS Libfabric/0
tensorflow-benchmarks-efa-worker-0:18:576 [4] NCCL INFO Ring 04 : 4[1a0] -> 8[160] [send] via NET/AWS Libfabric/0
tensorflow-benchmarks-efa-worker-1:16:581 [2] NCCL INFO Ring 04 : 10[180] -> 11[190] via P2P/IPC
tensorflow-benchmarks-efa-worker-1:14:575 [0] NCCL INFO Ring 04 : 8[160] -> 11[190] via P2P/IPC
tensorflow-benchmarks-efa-worker-1:17:592 [3] NCCL INFO Ring 04 : 0[160] -> 11[190] [receive] via NET/AWS Libfabric/0
tensorflow-benchmarks-efa-worker-1:21:593 [7] NCCL INFO Ring 03 : 15[1d0] -> 14[1c0] via P2P/IPC
tensorflow-benchmarks-efa-worker-1:20:586 [6] NCCL INFO Ring 03 : 14[1c0] -> 15[1d0] via P2P/IPC
tensorflow-benchmarks-efa-worker-1:21:593 [7] NCCL INFO Ring 03 : 15[1d0] -> 12[1a0] via P2P/IPC
tensorflow-benchmarks-efa-worker-1:21:593 [7] NCCL INFO Ring 04 : 15[1d0] -> 12[1a0] via P2P/IPC
tensorflow-benchmarks-efa-worker-1:18:580 [4] NCCL INFO Ring 04 : 12[1a0] -> 0[160] [send] via NET/AWS Libfabric/0
tensorflow-benchmarks-efa-worker-0:17:584 [3] NCCL INFO Ring 03 : 3[190] -> 2[180] via P2P/IPC
tensorflow-benchmarks-efa-worker-0:16:575 [2] NCCL INFO Ring 03 : 2[180] -> 1[170] via P2P/IPC
tensorflow-benchmarks-efa-worker-1:19:587 [5] NCCL INFO Ring 03 : 6[1c0] -> 13[1b0] [receive] via NET/AWS Libfabric/3
tensorflow-benchmarks-efa-worker-1:19:587 [5] NCCL INFO Ring 03 : 13[1b0] -> 14[1c0] via P2P/IPC
tensorflow-benchmarks-efa-worker-0:15:587 [1] NCCL INFO Ring 04 : 1[170] -> 5[1b0] via P2P/IPC
tensorflow-benchmarks-efa-worker-0:17:584 [3] NCCL INFO Ring 04 : 3[190] -> 2[180] via P2P/IPC
tensorflow-benchmarks-efa-worker-0:16:575 [2] NCCL INFO Ring 04 : 2[180] -> 1[170] via P2P/IPC
tensorflow-benchmarks-efa-worker-1:20:586 [6] NCCL INFO Ring 04 : 14[1c0] -> 15[1d0] via P2P/IPC
tensorflow-benchmarks-efa-worker-0:14:595 [0] NCCL INFO Ring 04 : 12[1a0] -> 0[160] [receive] via NET/AWS Libfabric/0
tensorflow-benchmarks-efa-worker-1:21:593 [7] NCCL INFO Ring 04 : 15[1d0] -> 14[1c0] via P2P/IPC
tensorflow-benchmarks-efa-worker-1:17:592 [3] NCCL INFO Ring 04 : 11[190] -> 8[160] via P2P/IPC
tensorflow-benchmarks-efa-worker-0:20:585 [6] NCCL INFO Ring 03 : 6[1c0] -> 7[1d0] via P2P/IPC
tensorflow-benchmarks-efa-worker-0:14:595 [0] NCCL INFO Ring 04 : 0[160] -> 3[190] via P2P/IPC
tensorflow-benchmarks-efa-worker-1:18:580 [4] NCCL INFO Ring 04 : 12[1a0] -> 15[1d0] via P2P/IPC
tensorflow-benchmarks-efa-worker-0:16:575 [2] NCCL INFO Ring 04 : 2[180] -> 3[190] via P2P/IPC
tensorflow-benchmarks-efa-worker-1:14:575 [0] NCCL INFO Ring 05 : 8[160] -> 12[1a0] via P2P/IPC
tensorflow-benchmarks-efa-worker-1:18:580 [4] NCCL INFO Ring 05 : 12[1a0] -> 15[1d0] via P2P/IPC
tensorflow-benchmarks-efa-worker-0:19:581 [5] NCCL INFO Ring 04 : 5[1b0] -> 6[1c0] via P2P/IPC
tensorflow-benchmarks-efa-worker-0:17:584 [3] NCCL INFO Ring 04 : 3[190] -> 0[160] via P2P/IPC
tensorflow-benchmarks-efa-worker-0:21:574 [7] NCCL INFO Ring 04 : 7[1d0] -> 4[1a0] via P2P/IPC
tensorflow-benchmarks-efa-worker-0:20:585 [6] NCCL INFO Ring 03 : 6[1c0] -> 13[1b0] [send] via NET/AWS Libfabric/3
tensorflow-benchmarks-efa-worker-0:15:587 [1] NCCL INFO Ring 04 : 1[170] -> 2[180] via P2P/IPC
tensorflow-benchmarks-efa-worker-0:18:576 [4] NCCL INFO Ring 04 : 4[1a0] -> 7[1d0] via P2P/IPC
tensorflow-benchmarks-efa-worker-0:14:595 [0] NCCL INFO Ring 04 : 0[160] -> 11[190] [send] via NET/AWS Libfabric/0
tensorflow-benchmarks-efa-worker-0:17:584 [3] NCCL INFO Ring 05 : 3[190] -> 0[160] via P2P/IPC
tensorflow-benchmarks-efa-worker-1:19:587 [5] NCCL INFO Ring 04 : 13[1b0] -> 14[1c0] via P2P/IPC
tensorflow-benchmarks-efa-worker-0:16:575 [2] NCCL INFO Ring 05 : 2[180] -> 3[190] via P2P/IPC
tensorflow-benchmarks-efa-worker-0:20:585 [6] NCCL INFO Ring 04 : 6[1c0] -> 7[1d0] via P2P/IPC
tensorflow-benchmarks-efa-worker-1:15:574 [1] NCCL INFO Ring 04 : 9[170] -> 10[180] via P2P/IPC
tensorflow-benchmarks-efa-worker-1:20:586 [6] NCCL INFO Ring 04 : 14[1c0] -> 13[1b0] via P2P/IPC
tensorflow-benchmarks-efa-worker-1:19:587 [5] NCCL INFO Ring 04 : 13[1b0] -> 9[170] via P2P/IPC
tensorflow-benchmarks-efa-worker-0:19:581 [5] NCCL INFO Ring 04 : 5[1b0] -> 1[170] via P2P/IPC
tensorflow-benchmarks-efa-worker-0:21:574 [7] NCCL INFO Ring 04 : 7[1d0] -> 6[1c0] via P2P/IPC
tensorflow-benchmarks-efa-worker-0:14:595 [0] NCCL INFO Ring 04 : 11[190] -> 0[160] [receive] via NET/AWS Libfabric/0
tensorflow-benchmarks-efa-worker-0:20:585 [6] NCCL INFO Ring 04 : 6[1c0] -> 5[1b0] via P2P/IPC
tensorflow-benchmarks-efa-worker-1:16:581 [2] NCCL INFO Ring 05 : 10[180] -> 11[190] via P2P/IPC
tensorflow-benchmarks-efa-worker-1:21:593 [7] NCCL INFO Ring 05 : 15[1d0] -> 14[1c0] via P2P/IPC
tensorflow-benchmarks-efa-worker-0:18:576 [4] NCCL INFO Ring 05 : 4[1a0] -> 7[1d0] via P2P/IPC
tensorflow-benchmarks-efa-worker-1:20:586 [6] NCCL INFO Ring 05 : 14[1c0] -> 13[1b0] via P2P/IPC
tensorflow-benchmarks-efa-worker-0:21:574 [7] NCCL INFO Ring 05 : 7[1d0] -> 6[1c0] via P2P/IPC
tensorflow-benchmarks-efa-worker-1:15:574 [1] NCCL INFO Ring 05 : 5[1b0] -> 9[170] [receive] via NET/AWS Libfabric/1
tensorflow-benchmarks-efa-worker-0:15:587 [1] NCCL INFO Ring 05 : 13[1b0] -> 1[170] [receive] via NET/AWS Libfabric/1
tensorflow-benchmarks-efa-worker-0:20:585 [6] NCCL INFO Ring 05 : 6[1c0] -> 5[1b0] via P2P/IPC
tensorflow-benchmarks-efa-worker-1:18:580 [4] NCCL INFO Ring 05 : 12[1a0] -> 8[160] via P2P/IPC
tensorflow-benchmarks-efa-worker-1:17:592 [3] NCCL INFO Ring 04 : 11[190] -> 0[160] [send] via NET/AWS Libfabric/0
tensorflow-benchmarks-efa-worker-1:15:574 [1] NCCL INFO Ring 05 : 9[170] -> 10[180] via P2P/IPC
tensorflow-benchmarks-efa-worker-0:15:587 [1] NCCL INFO Ring 05 : 1[170] -> 2[180] via P2P/IPC
tensorflow-benchmarks-efa-worker-1:21:593 [7] NCCL INFO Ring 05 : 15[1d0] -> 12[1a0] via P2P/IPC
tensorflow-benchmarks-efa-worker-1:19:587 [5] NCCL INFO Ring 05 : 13[1b0] -> 1[170] [send] via NET/AWS Libfabric/1
tensorflow-benchmarks-efa-worker-0:19:581 [5] NCCL INFO Ring 05 : 5[1b0] -> 9[170] [send] via NET/AWS Libfabric/1
tensorflow-benchmarks-efa-worker-1:20:586 [6] NCCL INFO Ring 05 : 14[1c0] -> 15[1d0] via P2P/IPC
tensorflow-benchmarks-efa-worker-0:21:574 [7] NCCL INFO Ring 05 : 7[1d0] -> 4[1a0] via P2P/IPC
tensorflow-benchmarks-efa-worker-1:19:587 [5] NCCL INFO Ring 05 : 13[1b0] -> 14[1c0] via P2P/IPC
tensorflow-benchmarks-efa-worker-1:17:592 [3] NCCL INFO Ring 05 : 11[190] -> 8[160] via P2P/IPC
tensorflow-benchmarks-efa-worker-0:19:581 [5] NCCL INFO Ring 05 : 5[1b0] -> 6[1c0] via P2P/IPC
tensorflow-benchmarks-efa-worker-0:20:585 [6] NCCL INFO Ring 05 : 6[1c0] -> 7[1d0] via P2P/IPC
tensorflow-benchmarks-efa-worker-0:14:595 [0] NCCL INFO Ring 05 : 0[160] -> 4[1a0] via P2P/IPC
tensorflow-benchmarks-efa-worker-0:16:575 [2] NCCL INFO Ring 05 : 2[180] -> 1[170] via P2P/IPC
tensorflow-benchmarks-efa-worker-1:21:593 [7] NCCL INFO Ring 06 : 15[1d0] -> 12[1a0] via P2P/IPC
tensorflow-benchmarks-efa-worker-0:15:587 [1] NCCL INFO Ring 05 : 1[170] -> 10[180] [send] via NET/AWS Libfabric/1
tensorflow-benchmarks-efa-worker-1:19:587 [5] NCCL INFO Ring 06 : 13[1b0] -> 14[1c0] via P2P/IPC
tensorflow-benchmarks-efa-worker-1:14:575 [0] NCCL INFO Ring 05 : 8[160] -> 11[190] via P2P/IPC
tensorflow-benchmarks-efa-worker-1:17:592 [3] NCCL INFO Ring 05 : 11[190] -> 10[180] via P2P/IPC
tensorflow-benchmarks-efa-worker-0:17:584 [3] NCCL INFO Ring 05 : 3[190] -> 2[180] via P2P/IPC
tensorflow-benchmarks-efa-worker-0:19:581 [5] NCCL INFO Ring 06 : 5[1b0] -> 6[1c0] via P2P/IPC
tensorflow-benchmarks-efa-worker-0:18:576 [4] NCCL INFO Ring 05 : 4[1a0] -> 0[160] via P2P/IPC
tensorflow-benchmarks-efa-worker-1:16:581 [2] NCCL INFO Ring 05 : 1[170] -> 10[180] [receive] via NET/AWS Libfabric/1
tensorflow-benchmarks-efa-worker-1:20:586 [6] NCCL INFO Ring 06 : 14[1c0] -> 2[180] [send] via NET/AWS Libfabric/2
tensorflow-benchmarks-efa-worker-1:18:580 [4] NCCL INFO Ring 06 : 12[1a0] -> 8[160] via P2P/IPC
tensorflow-benchmarks-efa-worker-0:14:595 [0] NCCL INFO Ring 05 : 0[160] -> 3[190] via P2P/IPC
tensorflow-benchmarks-efa-worker-1:14:575 [0] NCCL INFO Ring 06 : 8[160] -> 9[170] via P2P/IPC
tensorflow-benchmarks-efa-worker-1:17:592 [3] NCCL INFO Ring 06 : 11[190] -> 15[1d0] via P2P/IPC
tensorflow-benchmarks-efa-worker-0:20:585 [6] NCCL INFO Ring 06 : 6[1c0] -> 10[180] [send] via NET/AWS Libfabric/2
tensorflow-benchmarks-efa-worker-1:18:580 [4] NCCL INFO Ring 06 : 12[1a0] -> 15[1d0] via P2P/IPC
tensorflow-benchmarks-efa-worker-0:21:574 [7] NCCL INFO Ring 06 : 7[1d0] -> 4[1a0] via P2P/IPC
tensorflow-benchmarks-efa-worker-0:17:584 [3] NCCL INFO Ring 06 : 3[190] -> 7[1d0] via P2P/IPC
tensorflow-benchmarks-efa-worker-0:16:575 [2] NCCL INFO Ring 06 : 14[1c0] -> 2[180] [receive] via NET/AWS Libfabric/2
tensorflow-benchmarks-efa-worker-0:18:576 [4] NCCL INFO Ring 06 : 4[1a0] -> 0[160] via P2P/IPC
tensorflow-benchmarks-efa-worker-1:20:586 [6] NCCL INFO Ring 06 : 14[1c0] -> 15[1d0] via P2P/IPC
tensorflow-benchmarks-efa-worker-1:21:593 [7] NCCL INFO Ring 06 : 4[1a0] -> 15[1d0] [receive] via NET/AWS Libfabric/2
tensorflow-benchmarks-efa-worker-0:14:595 [0] NCCL INFO Ring 06 : 0[160] -> 1[170] via P2P/IPC
tensorflow-benchmarks-efa-worker-0:16:575 [2] NCCL INFO Ring 06 : 2[180] -> 3[190] via P2P/IPC
tensorflow-benchmarks-efa-worker-1:20:586 [6] NCCL INFO Ring 06 : 14[1c0] -> 13[1b0] via P2P/IPC
tensorflow-benchmarks-efa-worker-0:17:584 [3] NCCL INFO Ring 06 : 3[190] -> 2[180] via P2P/IPC
tensorflow-benchmarks-efa-worker-0:16:575 [2] NCCL INFO Ring 06 : 2[180] -> 1[170] via P2P/IPC
tensorflow-benchmarks-efa-worker-0:18:576 [4] NCCL INFO Ring 06 : 4[1a0] -> 15[1d0] [send] via NET/AWS Libfabric/2
tensorflow-benchmarks-efa-worker-1:16:581 [2] NCCL INFO Ring 05 : 10[180] -> 9[170] via P2P/IPC
tensorflow-benchmarks-efa-worker-1:15:574 [1] NCCL INFO Ring 06 : 9[170] -> 13[1b0] via P2P/IPC
tensorflow-benchmarks-efa-worker-1:14:575 [0] NCCL INFO Ring 06 : 8[160] -> 11[190] via P2P/IPC
tensorflow-benchmarks-efa-worker-0:15:587 [1] NCCL INFO Ring 05 : 10[180] -> 1[170] [receive] via NET/AWS Libfabric/1
tensorflow-benchmarks-efa-worker-1:19:587 [5] NCCL INFO Ring 06 : 13[1b0] -> 9[170] via P2P/IPC
tensorflow-benchmarks-efa-worker-1:16:581 [2] NCCL INFO Ring 05 : 10[180] -> 1[170] [send] via NET/AWS Libfabric/1
tensorflow-benchmarks-efa-worker-0:15:587 [1] NCCL INFO Ring 06 : 1[170] -> 5[1b0] via P2P/IPC
tensorflow-benchmarks-efa-worker-0:14:595 [0] NCCL INFO Ring 06 : 0[160] -> 3[190] via P2P/IPC
tensorflow-benchmarks-efa-worker-1:16:581 [2] NCCL INFO Ring 06 : 6[1c0] -> 10[180] [receive] via NET/AWS Libfabric/2
tensorflow-benchmarks-efa-worker-1:16:581 [2] NCCL INFO Ring 06 : 10[180] -> 11[190] via P2P/IPC
tensorflow-benchmarks-efa-worker-0:19:581 [5] NCCL INFO Ring 06 : 5[1b0] -> 1[170] via P2P/IPC
tensorflow-benchmarks-efa-worker-0:17:584 [3] NCCL INFO Ring 06 : 3[190] -> 0[160] via P2P/IPC
tensorflow-benchmarks-efa-worker-0:20:585 [6] NCCL INFO Ring 06 : 6[1c0] -> 7[1d0] via P2P/IPC
tensorflow-benchmarks-efa-worker-1:17:592 [3] NCCL INFO Ring 06 : 11[190] -> 10[180] via P2P/IPC
tensorflow-benchmarks-efa-worker-1:16:581 [2] NCCL INFO Ring 06 : 10[180] -> 9[170] via P2P/IPC
tensorflow-benchmarks-efa-worker-0:15:587 [1] NCCL INFO Ring 06 : 1[170] -> 2[180] via P2P/IPC
tensorflow-benchmarks-efa-worker-1:15:574 [1] NCCL INFO Ring 06 : 9[170] -> 10[180] via P2P/IPC
tensorflow-benchmarks-efa-worker-1:17:592 [3] NCCL INFO Ring 06 : 11[190] -> 8[160] via P2P/IPC
tensorflow-benchmarks-efa-worker-0:14:595 [0] NCCL INFO Ring 07 : 0[160] -> 1[170] via P2P/IPC
tensorflow-benchmarks-efa-worker-0:20:585 [6] NCCL INFO Ring 06 : 6[1c0] -> 5[1b0] via P2P/IPC
tensorflow-benchmarks-efa-worker-0:21:574 [7] NCCL INFO Ring 06 : 7[1d0] -> 6[1c0] via P2P/IPC
tensorflow-benchmarks-efa-worker-0:17:584 [3] NCCL INFO Ring 07 : 15[1d0] -> 3[190] [receive] via NET/AWS Libfabric/3
tensorflow-benchmarks-efa-worker-1:19:587 [5] NCCL INFO Ring 07 : 13[1b0] -> 12[1a0] via P2P/IPC
tensorflow-benchmarks-efa-worker-1:16:581 [2] NCCL INFO Ring 07 : 10[180] -> 14[1c0] via P2P/IPC
tensorflow-benchmarks-efa-worker-1:14:575 [0] NCCL INFO Ring 07 : 8[160] -> 9[170] via P2P/IPC
